// Jest Snapshot v1, https://goo.gl/fbAQLP

exports[`ViewInfo renders properly 1`] = `
<div
  className="viewInfoContainer"
>
  <Button
    buttonClass="viewInfoBtn"
    onClick={[Function]}
    title="View Info"
  />
</div>
`;

exports[`ViewInfo show description on button click 1`] = `
<div
  className="viewInfoContainer"
>
  <div>
    <p
      className="modalInfo"
    >
      info
    </p>
  </div>
  <button
    className="viewInfoBtn"
    onClick={[Function]}
    type="button"
  >
    View Info
  </button>
</div>
`;
